'PrimeUniverse.Arithmetic.mobius_at_one' depends on axioms: [propext, Classical.choice, Quot.sound]
'PrimeUniverse.Arithmetic.mobius_at_prime' depends on axioms: [propext, Classical.choice, Quot.sound]
'PrimeUniverse.Arithmetic.mobius_square_is_unit' depends on axioms: [propext, Classical.choice, Quot.sound]
'PrimeUniverse.Arithmetic.mobius_divisor_cancellation' depends on axioms: [propext, Classical.choice, Quot.sound]
'PrimeUniverse.Arithmetic.one_is_unique_nonzero_divisor_sum' depends on axioms: [propext, Classical.choice, Quot.sound]
'PrimeUniverse.Arithmetic.finite_euler_product_expansion' depends on axioms: [propext, Classical.choice, Quot.sound]
'PrimeUniverse.Arithmetic.euler_configuration_count' depends on axioms: [propext, Classical.choice, Quot.sound]
'PrimeUniverse.ClockScale.gibbs_partition_positive' depends on axioms: [propext, Classical.choice, Quot.sound]
'PrimeUniverse.ClockScale.gibbs_probabilities_normalized' depends on axioms: [propext, Classical.choice, Quot.sound]
'PrimeUniverse.ClockScale.dimensionless_energy_invariant' depends on axioms: [propext, Classical.choice, Quot.sound]
'PrimeUniverse.ClockScale.gibbs_distribution_invariant' depends on axioms: [propext, Classical.choice, Quot.sound]
'PrimeUniverse.ClockScale.energy_clock_product_invariant' depends on axioms: [propext, Classical.choice, Quot.sound]
'PrimeUniverse.ClockScale.dimensionless_gap_cannot_determine_energy' depends on axioms: [propext,
 Classical.choice,
 Quot.sound]
'PrimeUniverse.CycleProduct.root_product_squared' depends on axioms: [propext, Classical.choice, Quot.sound]
'PrimeUniverse.CycleProduct.spectral_product_positive' depends on axioms: [propext, Classical.choice, Quot.sound]
'PrimeUniverse.CycleProduct.logarithmic_cycle_action' depends on axioms: [propext, Classical.choice, Quot.sound]
'PrimeUniverse.CycleProduct.reciprocal_square_root_weight' depends on axioms: [propext, Classical.choice, Quot.sound]
'PrimeUniverse.CycleProduct.rotation_chord_squared' depends on axioms: [propext, Classical.choice, Quot.sound]
'PrimeUniverse.CycleProduct.cycle_sine_product' depends on axioms: [propext, Classical.choice, Quot.sound]
'PrimeUniverse.CycleProduct.composite_cycle_four' depends on axioms: [propext, Classical.choice, Quot.sound]
'PrimeUniverse.CycleLaplacian.fourier_translation' depends on axioms: [propext, Classical.choice, Quot.sound]
'PrimeUniverse.CycleLaplacian.fourier_diagonalizes_cycle' depends on axioms: [propext, Classical.choice, Quot.sound]
'PrimeUniverse.CycleLaplacian.graph_laplacian_local_rule' depends on axioms: [propext, Classical.choice, Quot.sound]
'PrimeUniverse.CycleLaplacian.graph_laplacian_is_cycle_operator' depends on axioms: [propext,
 Classical.choice,
 Quot.sound]
'PrimeUniverse.CycleLaplacian.negative_character_is_conjugate' depends on axioms: [propext,
 Classical.choice,
 Quot.sound]
'PrimeUniverse.CycleLaplacian.eigenvalue_is_chord_squared' depends on axioms: [propext, Classical.choice, Quot.sound]
'PrimeUniverse.CycleLaplacian.only_zero_frequency_has_zero_eigenvalue' depends on axioms: [propext,
 Classical.choice,
 Quot.sound]
'PrimeUniverse.CycleDeterminant.character_sum' depends on axioms: [propext, Classical.choice, Quot.sound]
'PrimeUniverse.CycleDeterminant.fourier_constant' depends on axioms: [propext, Classical.choice, Quot.sound]
'PrimeUniverse.CycleDeterminant.fourier_average_projection' depends on axioms: [propext, Classical.choice, Quot.sound]
'PrimeUniverse.CycleDeterminant.average_projection_is_idempotent' depends on axioms: [propext,
 Classical.choice,
 Quot.sound]
'PrimeUniverse.CycleDeterminant.zero_modes_are_exactly_constants' depends on axioms: [propext,
 Classical.choice,
 Quot.sound]
'PrimeUniverse.CycleDeterminant.fourier_regularized_operator' depends on axioms: [propext, Classical.choice, Quot.sound]
'PrimeUniverse.CycleDeterminant.regularized_matrix_entries' depends on axioms: [propext, Classical.choice, Quot.sound]
'PrimeUniverse.CycleDeterminant.fourier_conjugation_is_diagonal' depends on axioms: [propext,
 Classical.choice,
 Quot.sound]
'PrimeUniverse.CycleDeterminant.regularized_determinant_is_eigenvalue_product' depends on axioms: [propext,
 Classical.choice,
 Quot.sound]
'PrimeUniverse.CycleDeterminant.character_at_successor' depends on axioms: [propext, Classical.choice, Quot.sound]
'PrimeUniverse.CycleDeterminant.regularized_eigenvalue_product' depends on axioms: [propext,
 Classical.choice,
 Quot.sound]
'PrimeUniverse.CycleDeterminant.concrete_cycle_determinant' depends on axioms: [propext, Classical.choice, Quot.sound]
'PrimeUniverse.CycleDeterminant.concrete_cycle_logarithmic_action' depends on axioms: [propext,
 Classical.choice,
 Quot.sound]
'PrimeUniverse.CycleDeterminant.composite_four_matrix_determinant' depends on axioms: [propext,
 Classical.choice,
 Quot.sound]
'PrimeUniverse.CycleDeterminant.regularized_matrix_is_graph_laplacian_plus_mean' depends on axioms: [propext,
 Classical.choice,
 Quot.sound]
'PrimeUniverse.CycleDeterminant.simple_cycle_matrix_determinant' depends on axioms: [propext,
 Classical.choice,
 Quot.sound]
'PrimeUniverse.ModularCell.weights_normalized' depends on axioms: [propext, Classical.choice, Quot.sound]
'PrimeUniverse.ModularCell.modular_gap' depends on axioms: [propext, Classical.choice, Quot.sound]
'PrimeUniverse.ModularCell.wave_structure_complementarity' depends on axioms: [propext, Classical.choice, Quot.sound]
'PrimeUniverse.ModularCell.visibility_squared_is_four_times_weight_product' depends on axioms: [propext,
 Classical.choice,
 Quot.sound]
'PrimeUniverse.ModularCell.predictability_strictly_increases' depends on axioms: [propext, Classical.choice, Quot.sound]
'PrimeUniverse.ModularCell.entropy_is_binary_entropy' depends on axioms: [propext, Classical.choice, Quot.sound]
'PrimeUniverse.ModularCell.entropy_derivative' depends on axioms: [propext, Classical.choice, Quot.sound]
'PrimeUniverse.ModularCell.entropy_strictly_decreases' depends on axioms: [propext, Classical.choice, Quot.sound]
'PrimeUniverse.ModularCell.reduced_state' depends on axioms: [propext, Classical.choice, Quot.sound]
'PrimeUniverse.ModularCell.modular_state_normalized' depends on axioms: [propext, Classical.choice, Quot.sound]
'PrimeUniverse.ModularCell.paired_state_entangled' depends on axioms: [propext, Classical.choice, Quot.sound]
'PrimeUniverse.ModularCell.modular_state_entangled' depends on axioms: [propext, Classical.choice, Quot.sound]
'PrimeUniverse.ModularCell.difference_time_is_null' depends on axioms: [propext, Classical.choice, Quot.sound]
'PrimeUniverse.ModularCell.sum_time_is_nonzero' depends on axioms: [propext, Classical.choice, Quot.sound]
'PrimeUniverse.ModularCell.sum_time_not_just_global_phase' depends on axioms: [propext, Classical.choice, Quot.sound]
'PrimeUniverse.ThermalZeta.arithmetic_state_normalizable_iff' depends on axioms: [propext, Classical.choice, Quot.sound]
'PrimeUniverse.ThermalZeta.critical_line_state_not_normalizable' depends on axioms: [propext,
 Classical.choice,
 Quot.sound]
'PrimeUniverse.ThermalZeta.finite_rescaling_cannot_normalize_critical_state' depends on axioms: [propext,
 Classical.choice,
 Quot.sound]
'PrimeUniverse.ThermalZeta.phases_cannot_normalize_critical_state' depends on axioms: [propext,
 Classical.choice,
 Quot.sound]
'PrimeUniverse.ThermalZeta.arithmetic_state_at_two_is_normalizable' depends on axioms: [propext,
 Classical.choice,
 Quot.sound]
'PrimeUniverse.ThermalZeta.orbit_weight_is_prime_power' depends on axioms: [propext, Classical.choice, Quot.sound]
'PrimeUniverse.ThermalZeta.determinant_length_euler_product' depends on axioms: [propext, Classical.choice, Quot.sound]
'PrimeUniverse.ThermalZeta.finite_euler_product_nonzero' depends on axioms: [propext, Classical.choice, Quot.sound]
'PrimeUniverse.Bridge.cycle_action_matches_modular_gap' depends on axioms: [propext, Classical.choice, Quot.sound]
'PrimeUniverse.Bridge.concrete_cycle_action_matches_modular_gap' depends on axioms: [propext,
 Classical.choice,
 Quot.sound]
